=== seed 42 ===
No gradient function provided, creating a gradient function. If your Estimator requires transpilation, please provide a pass manager.
{'seed': 42, 'method': 'readout_calibration', 'noise_type': 'readout', 'level': 'L2', 'accuracy': 0.6166666666666667, 'precision': 0.6285714285714286, 'recall': 0.6875, 'f1': 0.6567164179104478}
No gradient function provided, creating a gradient function. If your Estimator requires transpilation, please provide a pass manager.
{'seed': 42, 'method': 'readout_calibration', 'noise_type': 'readout', 'level': 'L4', 'accuracy': 0.6066666666666667, 'precision': 0.6206896551724138, 'recall': 0.675, 'f1': 0.6467065868263473}
No gradient function provided, creating a gradient function. If your Estimator requires transpilation, please provide a pass manager.
{'seed': 42, 'method': 'readout_calibration', 'noise_type': 'combined', 'level': 'L2', 'accuracy': 0.6233333333333333, 'precision': 0.6374269005847953, 'recall': 0.68125, 'f1': 0.6586102719033232}
No gradient function provided, creating a gradient function. If your Estimator requires transpilation, please provide a pass manager.
{'seed': 42, 'method': 'zne', 'noise_type': 'depolarizing', 'level': 'L2', 'accuracy': 0.6066666666666667, 'precision': 0.6280487804878049, 'recall': 0.64375, 'f1': 0.6358024691358025}
No gradient function provided, creating a gradient function. If your Estimator requires transpilation, please provide a pass manager.
{'seed': 42, 'method': 'zne', 'noise_type': 'depolarizing', 'level': 'L4', 'accuracy': 0.51, 'precision': 0.5698924731182796, 'recall': 0.33125, 'f1': 0.4189723320158103}
No gradient function provided, creating a gradient function. If your Estimator requires transpilation, please provide a pass manager.
{'seed': 42, 'method': 'zne', 'noise_type': 'phase_damping', 'level': 'L2', 'accuracy': 0.61, 'precision': 0.6257309941520468, 'recall': 0.66875, 'f1': 0.6465256797583081}
No gradient function provided, creating a gradient function. If your Estimator requires transpilation, please provide a pass manager.
{'seed': 42, 'method': 'zne', 'noise_type': 'phase_damping', 'level': 'L4', 'accuracy': 0.6066666666666667, 'precision': 0.6438356164383562, 'recall': 0.5875, 'f1': 0.6143790849673203}
=== seed 43 ===
No gradient function provided, creating a gradient function. If your Estimator requires transpilation, please provide a pass manager.
{'seed': 43, 'method': 'readout_calibration', 'noise_type': 'readout', 'level': 'L2', 'accuracy': 0.61, 'precision': 0.6187845303867403, 'recall': 0.7, 'f1': 0.656891495601173}
No gradient function provided, creating a gradient function. If your Estimator requires transpilation, please provide a pass manager.
{'seed': 43, 'method': 'readout_calibration', 'noise_type': 'readout', 'level': 'L4', 'accuracy': 0.6066666666666667, 'precision': 0.6166666666666667, 'recall': 0.69375, 'f1': 0.6529411764705882}
No gradient function provided, creating a gradient function. If your Estimator requires transpilation, please provide a pass manager.
{'seed': 43, 'method': 'readout_calibration', 'noise_type': 'combined', 'level': 'L2', 'accuracy': 0.6166666666666667, 'precision': 0.6285714285714286, 'recall': 0.6875, 'f1': 0.6567164179104478}
No gradient function provided, creating a gradient function. If your Estimator requires transpilation, please provide a pass manager.
{'seed': 43, 'method': 'zne', 'noise_type': 'depolarizing', 'level': 'L2', 'accuracy': 0.6166666666666667, 'precision': 0.6271186440677966, 'recall': 0.69375, 'f1': 0.658753709198813}
No gradient function provided, creating a gradient function. If your Estimator requires transpilation, please provide a pass manager.
{'seed': 43, 'method': 'zne', 'noise_type': 'depolarizing', 'level': 'L4', 'accuracy': 0.53, 'precision': 0.6266666666666667, 'recall': 0.29375, 'f1': 0.4}
No gradient function provided, creating a gradient function. If your Estimator requires transpilation, please provide a pass manager.
{'seed': 43, 'method': 'zne', 'noise_type': 'phase_damping', 'level': 'L2', 'accuracy': 0.62, 'precision': 0.6277777777777778, 'recall': 0.70625, 'f1': 0.6647058823529411}
No gradient function provided, creating a gradient function. If your Estimator requires transpilation, please provide a pass manager.
{'seed': 43, 'method': 'zne', 'noise_type': 'phase_damping', 'level': 'L4', 'accuracy': 0.5966666666666667, 'precision': 0.6344827586206897, 'recall': 0.575, 'f1': 0.6032786885245902}
=== seed 44 ===
No gradient function provided, creating a gradient function. If your Estimator requires transpilation, please provide a pass manager.
{'seed': 44, 'method': 'readout_calibration', 'noise_type': 'readout', 'level': 'L2', 'accuracy': 0.63, 'precision': 0.6150234741784038, 'recall': 0.81875, 'f1': 0.7024128686327078}
No gradient function provided, creating a gradient function. If your Estimator requires transpilation, please provide a pass manager.
{'seed': 44, 'method': 'readout_calibration', 'noise_type': 'readout', 'level': 'L4', 'accuracy': 0.6333333333333333, 'precision': 0.6179245283018868, 'recall': 0.81875, 'f1': 0.7043010752688172}
No gradient function provided, creating a gradient function. If your Estimator requires transpilation, please provide a pass manager.
{'seed': 44, 'method': 'readout_calibration', 'noise_type': 'combined', 'level': 'L2', 'accuracy': 0.6266666666666667, 'precision': 0.6090909090909091, 'recall': 0.8375, 'f1': 0.7052631578947368}
No gradient function provided, creating a gradient function. If your Estimator requires transpilation, please provide a pass manager.
{'seed': 44, 'method': 'zne', 'noise_type': 'depolarizing', 'level': 'L2', 'accuracy': 0.64, 'precision': 0.6192660550458715, 'recall': 0.84375, 'f1': 0.7142857142857143}
No gradient function provided, creating a gradient function. If your Estimator requires transpilation, please provide a pass manager.
{'seed': 44, 'method': 'zne', 'noise_type': 'depolarizing', 'level': 'L4', 'accuracy': 0.5433333333333333, 'precision': 0.5440613026819924, 'recall': 0.8875, 'f1': 0.6745843230403801}
No gradient function provided, creating a gradient function. If your Estimator requires transpilation, please provide a pass manager.
{'seed': 44, 'method': 'zne', 'noise_type': 'phase_damping', 'level': 'L2', 'accuracy': 0.63, 'precision': 0.6129032258064516, 'recall': 0.83125, 'f1': 0.7055702917771883}
No gradient function provided, creating a gradient function. If your Estimator requires transpilation, please provide a pass manager.
{'seed': 44, 'method': 'zne', 'noise_type': 'phase_damping', 'level': 'L4', 'accuracy': 0.62, 'precision': 0.597457627118644, 'recall': 0.88125, 'f1': 0.7121212121212122}
=== seed 45 ===
No gradient function provided, creating a gradient function. If your Estimator requires transpilation, please provide a pass manager.
{'seed': 45, 'method': 'readout_calibration', 'noise_type': 'readout', 'level': 'L2', 'accuracy': 0.6266666666666667, 'precision': 0.6318681318681318, 'recall': 0.71875, 'f1': 0.672514619883041}
No gradient function provided, creating a gradient function. If your Estimator requires transpilation, please provide a pass manager.
{'seed': 45, 'method': 'readout_calibration', 'noise_type': 'readout', 'level': 'L4', 'accuracy': 0.6366666666666667, 'precision': 0.6408839779005525, 'recall': 0.725, 'f1': 0.6803519061583577}
No gradient function provided, creating a gradient function. If your Estimator requires transpilation, please provide a pass manager.
{'seed': 45, 'method': 'readout_calibration', 'noise_type': 'combined', 'level': 'L2', 'accuracy': 0.62, 'precision': 0.6292134831460674, 'recall': 0.7, 'f1': 0.6627218934911243}
No gradient function provided, creating a gradient function. If your Estimator requires transpilation, please provide a pass manager.
{'seed': 45, 'method': 'zne', 'noise_type': 'depolarizing', 'level': 'L2', 'accuracy': 0.63, 'precision': 0.6368715083798883, 'recall': 0.7125, 'f1': 0.672566371681416}
No gradient function provided, creating a gradient function. If your Estimator requires transpilation, please provide a pass manager.
{'seed': 45, 'method': 'zne', 'noise_type': 'depolarizing', 'level': 'L4', 'accuracy': 0.5733333333333334, 'precision': 0.6702127659574468, 'recall': 0.39375, 'f1': 0.49606299212598426}
No gradient function provided, creating a gradient function. If your Estimator requires transpilation, please provide a pass manager.
{'seed': 45, 'method': 'zne', 'noise_type': 'phase_damping', 'level': 'L2', 'accuracy': 0.6366666666666667, 'precision': 0.6457142857142857, 'recall': 0.70625, 'f1': 0.6746268656716418}
No gradient function provided, creating a gradient function. If your Estimator requires transpilation, please provide a pass manager.
{'seed': 45, 'method': 'zne', 'noise_type': 'phase_damping', 'level': 'L4', 'accuracy': 0.6333333333333333, 'precision': 0.6666666666666666, 'recall': 0.625, 'f1': 0.6451612903225806}
=== seed 46 ===
No gradient function provided, creating a gradient function. If your Estimator requires transpilation, please provide a pass manager.
{'seed': 46, 'method': 'readout_calibration', 'noise_type': 'readout', 'level': 'L2', 'accuracy': 0.6366666666666667, 'precision': 0.6268656716417911, 'recall': 0.7875, 'f1': 0.6980609418282548}
No gradient function provided, creating a gradient function. If your Estimator requires transpilation, please provide a pass manager.
{'seed': 46, 'method': 'readout_calibration', 'noise_type': 'readout', 'level': 'L4', 'accuracy': 0.6266666666666667, 'precision': 0.6188118811881188, 'recall': 0.78125, 'f1': 0.6906077348066298}
No gradient function provided, creating a gradient function. If your Estimator requires transpilation, please provide a pass manager.
{'seed': 46, 'method': 'readout_calibration', 'noise_type': 'combined', 'level': 'L2', 'accuracy': 0.64, 'precision': 0.6326530612244898, 'recall': 0.775, 'f1': 0.6966292134831461}
No gradient function provided, creating a gradient function. If your Estimator requires transpilation, please provide a pass manager.
{'seed': 46, 'method': 'zne', 'noise_type': 'depolarizing', 'level': 'L2', 'accuracy': 0.64, 'precision': 0.63, 'recall': 0.7875, 'f1': 0.7}
No gradient function provided, creating a gradient function. If your Estimator requires transpilation, please provide a pass manager.
{'seed': 46, 'method': 'zne', 'noise_type': 'depolarizing', 'level': 'L4', 'accuracy': 0.5633333333333334, 'precision': 0.5973154362416108, 'recall': 0.55625, 'f1': 0.5760517799352751}
No gradient function provided, creating a gradient function. If your Estimator requires transpilation, please provide a pass manager.
{'seed': 46, 'method': 'zne', 'noise_type': 'phase_damping', 'level': 'L2', 'accuracy': 0.64, 'precision': 0.63, 'recall': 0.7875, 'f1': 0.7}
No gradient function provided, creating a gradient function. If your Estimator requires transpilation, please provide a pass manager.
{'seed': 46, 'method': 'zne', 'noise_type': 'phase_damping', 'level': 'L4', 'accuracy': 0.6033333333333334, 'precision': 0.6120218579234973, 'recall': 0.7, 'f1': 0.6530612244897959}
=== seed 47 ===
No gradient function provided, creating a gradient function. If your Estimator requires transpilation, please provide a pass manager.
{'seed': 47, 'method': 'readout_calibration', 'noise_type': 'readout', 'level': 'L2', 'accuracy': 0.6133333333333333, 'precision': 0.6145833333333334, 'recall': 0.7375, 'f1': 0.6704545454545454}
No gradient function provided, creating a gradient function. If your Estimator requires transpilation, please provide a pass manager.
{'seed': 47, 'method': 'readout_calibration', 'noise_type': 'readout', 'level': 'L4', 'accuracy': 0.6233333333333333, 'precision': 0.6256684491978609, 'recall': 0.73125, 'f1': 0.6743515850144092}
No gradient function provided, creating a gradient function. If your Estimator requires transpilation, please provide a pass manager.
{'seed': 47, 'method': 'readout_calibration', 'noise_type': 'combined', 'level': 'L2', 'accuracy': 0.6333333333333333, 'precision': 0.6288659793814433, 'recall': 0.7625, 'f1': 0.6892655367231638}
No gradient function provided, creating a gradient function. If your Estimator requires transpilation, please provide a pass manager.
{'seed': 47, 'method': 'zne', 'noise_type': 'depolarizing', 'level': 'L2', 'accuracy': 0.6066666666666667, 'precision': 0.6082474226804123, 'recall': 0.7375, 'f1': 0.6666666666666666}
No gradient function provided, creating a gradient function. If your Estimator requires transpilation, please provide a pass manager.
{'seed': 47, 'method': 'zne', 'noise_type': 'depolarizing', 'level': 'L4', 'accuracy': 0.5233333333333333, 'precision': 0.5515151515151515, 'recall': 0.56875, 'f1': 0.56}
No gradient function provided, creating a gradient function. If your Estimator requires transpilation, please provide a pass manager.
{'seed': 47, 'method': 'zne', 'noise_type': 'phase_damping', 'level': 'L2', 'accuracy': 0.6066666666666667, 'precision': 0.6082474226804123, 'recall': 0.7375, 'f1': 0.6666666666666666}
No gradient function provided, creating a gradient function. If your Estimator requires transpilation, please provide a pass manager.
{'seed': 47, 'method': 'zne', 'noise_type': 'phase_damping', 'level': 'L4', 'accuracy': 0.5933333333333334, 'precision': 0.5979381443298969, 'recall': 0.725, 'f1': 0.655367231638418}
=== seed 48 ===
No gradient function provided, creating a gradient function. If your Estimator requires transpilation, please provide a pass manager.
{'seed': 48, 'method': 'readout_calibration', 'noise_type': 'readout', 'level': 'L2', 'accuracy': 0.59, 'precision': 0.6094674556213018, 'recall': 0.64375, 'f1': 0.6261398176291794}
No gradient function provided, creating a gradient function. If your Estimator requires transpilation, please provide a pass manager.
{'seed': 48, 'method': 'readout_calibration', 'noise_type': 'readout', 'level': 'L4', 'accuracy': 0.6033333333333334, 'precision': 0.6227544910179641, 'recall': 0.65, 'f1': 0.636085626911315}
No gradient function provided, creating a gradient function. If your Estimator requires transpilation, please provide a pass manager.
{'seed': 48, 'method': 'readout_calibration', 'noise_type': 'combined', 'level': 'L2', 'accuracy': 0.5966666666666667, 'precision': 0.6196319018404908, 'recall': 0.63125, 'f1': 0.6253869969040248}
No gradient function provided, creating a gradient function. If your Estimator requires transpilation, please provide a pass manager.
{'seed': 48, 'method': 'zne', 'noise_type': 'depolarizing', 'level': 'L2', 'accuracy': 0.6, 'precision': 0.6149425287356322, 'recall': 0.66875, 'f1': 0.6407185628742516}
No gradient function provided, creating a gradient function. If your Estimator requires transpilation, please provide a pass manager.
{'seed': 48, 'method': 'zne', 'noise_type': 'depolarizing', 'level': 'L4', 'accuracy': 0.5533333333333333, 'precision': 0.5942028985507246, 'recall': 0.5125, 'f1': 0.5503355704697986}
No gradient function provided, creating a gradient function. If your Estimator requires transpilation, please provide a pass manager.
{'seed': 48, 'method': 'zne', 'noise_type': 'phase_damping', 'level': 'L2', 'accuracy': 0.6066666666666667, 'precision': 0.6179775280898876, 'recall': 0.6875, 'f1': 0.650887573964497}
No gradient function provided, creating a gradient function. If your Estimator requires transpilation, please provide a pass manager.
{'seed': 48, 'method': 'zne', 'noise_type': 'phase_damping', 'level': 'L4', 'accuracy': 0.5766666666666667, 'precision': 0.6012269938650306, 'recall': 0.6125, 'f1': 0.6068111455108359}
=== seed 49 ===
No gradient function provided, creating a gradient function. If your Estimator requires transpilation, please provide a pass manager.
{'seed': 49, 'method': 'readout_calibration', 'noise_type': 'readout', 'level': 'L2', 'accuracy': 0.6633333333333333, 'precision': 0.6612021857923497, 'recall': 0.75625, 'f1': 0.7055393586005831}
No gradient function provided, creating a gradient function. If your Estimator requires transpilation, please provide a pass manager.
{'seed': 49, 'method': 'readout_calibration', 'noise_type': 'readout', 'level': 'L4', 'accuracy': 0.65, 'precision': 0.6536312849162011, 'recall': 0.73125, 'f1': 0.6902654867256637}
No gradient function provided, creating a gradient function. If your Estimator requires transpilation, please provide a pass manager.
{'seed': 49, 'method': 'readout_calibration', 'noise_type': 'combined', 'level': 'L2', 'accuracy': 0.6633333333333333, 'precision': 0.6594594594594595, 'recall': 0.7625, 'f1': 0.7072463768115942}
No gradient function provided, creating a gradient function. If your Estimator requires transpilation, please provide a pass manager.
{'seed': 49, 'method': 'zne', 'noise_type': 'depolarizing', 'level': 'L2', 'accuracy': 0.6433333333333333, 'precision': 0.653179190751445, 'recall': 0.70625, 'f1': 0.6786786786786787}
No gradient function provided, creating a gradient function. If your Estimator requires transpilation, please provide a pass manager.
{'seed': 49, 'method': 'zne', 'noise_type': 'depolarizing', 'level': 'L4', 'accuracy': 0.5833333333333334, 'precision': 0.6258992805755396, 'recall': 0.54375, 'f1': 0.5819397993311036}
No gradient function provided, creating a gradient function. If your Estimator requires transpilation, please provide a pass manager.
{'seed': 49, 'method': 'zne', 'noise_type': 'phase_damping', 'level': 'L2', 'accuracy': 0.64, 'precision': 0.6477272727272727, 'recall': 0.7125, 'f1': 0.6785714285714286}
No gradient function provided, creating a gradient function. If your Estimator requires transpilation, please provide a pass manager.
{'seed': 49, 'method': 'zne', 'noise_type': 'phase_damping', 'level': 'L4', 'accuracy': 0.6666666666666666, 'precision': 0.6875, 'recall': 0.6875, 'f1': 0.6875}

Written to C:\Work\Quantum-Adversarial-Robustness\results\mitigation_sweep\mitigation_sweep_all_seeds.csv
