=== seed 42 (vqc) ===
No gradient function provided, creating a gradient function. If your Estimator requires transpilation, please provide a pass manager.
{'seed': 42, 'model': 'vqc', 'epsilon': 0.0, 'attack_success_rate': 0.0, 'robustness_accuracy': 0.56, 'mean_linf': 0.0, 'mean_l2': 0.0, 'accuracy': 0.56, 'precision': 0.631578947368421, 'recall': 0.4444444444444444, 'f1': 0.5217391304347826}
{'seed': 42, 'model': 'vqc', 'epsilon': 0.05, 'attack_success_rate': 0.7142857142857143, 'robustness_accuracy': 0.56, 'mean_linf': 0.04874999821186066, 'mean_l2': 0.08306800574064255, 'accuracy': 0.56, 'precision': 0.5862068965517241, 'recall': 0.6296296296296297, 'f1': 0.6071428571428571}
{'seed': 42, 'model': 'vqc', 'epsilon': 0.1, 'attack_success_rate': 1.0, 'robustness_accuracy': 0.44, 'mean_linf': 0.09050001204013824, 'mean_l2': 0.13505716621875763, 'accuracy': 0.44, 'precision': 0.4838709677419355, 'recall': 0.5555555555555556, 'f1': 0.5172413793103449}
{'seed': 42, 'model': 'vqc', 'epsilon': 0.2, 'attack_success_rate': 0.8928571428571429, 'robustness_accuracy': 0.5, 'mean_linf': 0.13499997556209564, 'mean_l2': 0.18587036430835724, 'accuracy': 0.5, 'precision': 0.5357142857142857, 'recall': 0.5555555555555556, 'f1': 0.5454545454545454}
{'seed': 42, 'model': 'vqc', 'epsilon': 0.3, 'attack_success_rate': 0.6071428571428571, 'robustness_accuracy': 0.54, 'mean_linf': 0.1680000126361847, 'mean_l2': 0.24181313812732697, 'accuracy': 0.54, 'precision': 0.5769230769230769, 'recall': 0.5555555555555556, 'f1': 0.5660377358490566}
=== seed 42 (classical) ===
{'seed': 42, 'model': 'classical', 'epsilon': 0.0, 'attack_success_rate': 0.0, 'robustness_accuracy': 0.98, 'mean_linf': 0.0, 'mean_l2': 0.0, 'accuracy': 0.98, 'precision': 0.9642857142857143, 'recall': 1.0, 'f1': 0.9818181818181818}
{'seed': 42, 'model': 'classical', 'epsilon': 0.05, 'attack_success_rate': 0.0, 'robustness_accuracy': 0.98, 'mean_linf': 0.05000000074505806, 'mean_l2': 0.09720814973115921, 'accuracy': 0.98, 'precision': 0.9642857142857143, 'recall': 1.0, 'f1': 0.9818181818181818}
{'seed': 42, 'model': 'classical', 'epsilon': 0.1, 'attack_success_rate': 0.0, 'robustness_accuracy': 0.98, 'mean_linf': 0.10000001639127731, 'mean_l2': 0.19314739108085632, 'accuracy': 0.98, 'precision': 0.9642857142857143, 'recall': 1.0, 'f1': 0.9818181818181818}
{'seed': 42, 'model': 'classical', 'epsilon': 0.2, 'attack_success_rate': 0.0, 'robustness_accuracy': 1.0, 'mean_linf': 0.20000003278255463, 'mean_l2': 0.381328821182251, 'accuracy': 1.0, 'precision': 1.0, 'recall': 1.0, 'f1': 1.0}
{'seed': 42, 'model': 'classical', 'epsilon': 0.3, 'attack_success_rate': 0.04081632653061224, 'robustness_accuracy': 0.96, 'mean_linf': 0.30000004172325134, 'mean_l2': 0.56718909740448, 'accuracy': 0.96, 'precision': 1.0, 'recall': 0.9259259259259259, 'f1': 0.9615384615384616}
=== seed 43 (vqc) ===
No gradient function provided, creating a gradient function. If your Estimator requires transpilation, please provide a pass manager.
{'seed': 43, 'model': 'vqc', 'epsilon': 0.0, 'attack_success_rate': 0.0, 'robustness_accuracy': 0.66, 'mean_linf': 0.0, 'mean_l2': 0.0, 'accuracy': 0.66, 'precision': 0.6785714285714286, 'recall': 0.7037037037037037, 'f1': 0.6909090909090909}
{'seed': 43, 'model': 'vqc', 'epsilon': 0.05, 'attack_success_rate': 0.7575757575757576, 'robustness_accuracy': 0.44, 'mean_linf': 0.0495000034570694, 'mean_l2': 0.08600959926843643, 'accuracy': 0.44, 'precision': 0.4782608695652174, 'recall': 0.4074074074074074, 'f1': 0.44}
{'seed': 43, 'model': 'vqc', 'epsilon': 0.1, 'attack_success_rate': 0.9696969696969697, 'robustness_accuracy': 0.32, 'mean_linf': 0.08949999511241913, 'mean_l2': 0.13775835931301117, 'accuracy': 0.32, 'precision': 0.3333333333333333, 'recall': 0.25925925925925924, 'f1': 0.2916666666666667}
{'seed': 43, 'model': 'vqc', 'epsilon': 0.2, 'attack_success_rate': 0.8787878787878788, 'robustness_accuracy': 0.36, 'mean_linf': 0.13599997758865356, 'mean_l2': 0.18658503890037537, 'accuracy': 0.36, 'precision': 0.391304347826087, 'recall': 0.3333333333333333, 'f1': 0.36}
{'seed': 43, 'model': 'vqc', 'epsilon': 0.3, 'attack_success_rate': 0.5757575757575758, 'robustness_accuracy': 0.48, 'mean_linf': 0.15450003743171692, 'mean_l2': 0.22694888710975647, 'accuracy': 0.48, 'precision': 0.5185185185185185, 'recall': 0.5185185185185185, 'f1': 0.5185185185185185}
=== seed 43 (classical) ===
{'seed': 43, 'model': 'classical', 'epsilon': 0.0, 'attack_success_rate': 0.0, 'robustness_accuracy': 0.98, 'mean_linf': 0.0, 'mean_l2': 0.0, 'accuracy': 0.98, 'precision': 0.9642857142857143, 'recall': 1.0, 'f1': 0.9818181818181818}
{'seed': 43, 'model': 'classical', 'epsilon': 0.05, 'attack_success_rate': 0.0, 'robustness_accuracy': 0.98, 'mean_linf': 0.04500000551342964, 'mean_l2': 0.08922549337148666, 'accuracy': 0.98, 'precision': 0.9642857142857143, 'recall': 1.0, 'f1': 0.9818181818181818}
{'seed': 43, 'model': 'classical', 'epsilon': 0.1, 'attack_success_rate': 0.0, 'robustness_accuracy': 0.98, 'mean_linf': 0.09000001847743988, 'mean_l2': 0.17760588228702545, 'accuracy': 0.98, 'precision': 0.9642857142857143, 'recall': 1.0, 'f1': 0.9818181818181818}
{'seed': 43, 'model': 'classical', 'epsilon': 0.2, 'attack_success_rate': 0.0, 'robustness_accuracy': 1.0, 'mean_linf': 0.18000002205371857, 'mean_l2': 0.35166358947753906, 'accuracy': 1.0, 'precision': 1.0, 'recall': 1.0, 'f1': 1.0}
{'seed': 43, 'model': 'classical', 'epsilon': 0.3, 'attack_success_rate': 0.02040816326530612, 'robustness_accuracy': 0.98, 'mean_linf': 0.27000001072883606, 'mean_l2': 0.5251120924949646, 'accuracy': 0.98, 'precision': 1.0, 'recall': 0.9629629629629629, 'f1': 0.9811320754716981}
=== seed 44 (vqc) ===
No gradient function provided, creating a gradient function. If your Estimator requires transpilation, please provide a pass manager.
{'seed': 44, 'model': 'vqc', 'epsilon': 0.0, 'attack_success_rate': 0.0, 'robustness_accuracy': 0.76, 'mean_linf': 0.0, 'mean_l2': 0.0, 'accuracy': 0.76, 'precision': 0.7586206896551724, 'recall': 0.8148148148148148, 'f1': 0.7857142857142857}
{'seed': 44, 'model': 'vqc', 'epsilon': 0.05, 'attack_success_rate': 0.868421052631579, 'robustness_accuracy': 0.32, 'mean_linf': 0.04975000023841858, 'mean_l2': 0.08798250555992126, 'accuracy': 0.32, 'precision': 0.34782608695652173, 'recall': 0.2962962962962963, 'f1': 0.32}
{'seed': 44, 'model': 'vqc', 'epsilon': 0.1, 'attack_success_rate': 0.9473684210526315, 'robustness_accuracy': 0.28, 'mean_linf': 0.08899999409914017, 'mean_l2': 0.13403919339179993, 'accuracy': 0.28, 'precision': 0.2857142857142857, 'recall': 0.2222222222222222, 'f1': 0.25}
{'seed': 44, 'model': 'vqc', 'epsilon': 0.2, 'attack_success_rate': 0.8421052631578947, 'robustness_accuracy': 0.34, 'mean_linf': 0.12200000137090683, 'mean_l2': 0.1722344011068344, 'accuracy': 0.34, 'precision': 0.39285714285714285, 'recall': 0.4074074074074074, 'f1': 0.4}
{'seed': 44, 'model': 'vqc', 'epsilon': 0.3, 'attack_success_rate': 0.6578947368421053, 'robustness_accuracy': 0.4, 'mean_linf': 0.1575000286102295, 'mean_l2': 0.23417562246322632, 'accuracy': 0.4, 'precision': 0.4482758620689655, 'recall': 0.48148148148148145, 'f1': 0.4642857142857143}
=== seed 44 (classical) ===
{'seed': 44, 'model': 'classical', 'epsilon': 0.0, 'attack_success_rate': 0.0, 'robustness_accuracy': 0.98, 'mean_linf': 0.0, 'mean_l2': 0.0, 'accuracy': 0.98, 'precision': 0.9642857142857143, 'recall': 1.0, 'f1': 0.9818181818181818}
{'seed': 44, 'model': 'classical', 'epsilon': 0.05, 'attack_success_rate': 0.0, 'robustness_accuracy': 0.98, 'mean_linf': 0.05000000819563866, 'mean_l2': 0.09924997389316559, 'accuracy': 0.98, 'precision': 0.9642857142857143, 'recall': 1.0, 'f1': 0.9818181818181818}
{'seed': 44, 'model': 'classical', 'epsilon': 0.1, 'attack_success_rate': 0.0, 'robustness_accuracy': 0.98, 'mean_linf': 0.10000001639127731, 'mean_l2': 0.19754986464977264, 'accuracy': 0.98, 'precision': 0.9642857142857143, 'recall': 1.0, 'f1': 0.9818181818181818}
{'seed': 44, 'model': 'classical', 'epsilon': 0.2, 'attack_success_rate': 0.0, 'robustness_accuracy': 1.0, 'mean_linf': 0.20000003278255463, 'mean_l2': 0.38839656114578247, 'accuracy': 1.0, 'precision': 1.0, 'recall': 1.0, 'f1': 1.0}
{'seed': 44, 'model': 'classical', 'epsilon': 0.3, 'attack_success_rate': 0.0, 'robustness_accuracy': 1.0, 'mean_linf': 0.30000004172325134, 'mean_l2': 0.5794046521186829, 'accuracy': 1.0, 'precision': 1.0, 'recall': 1.0, 'f1': 1.0}
=== seed 45 (vqc) ===
No gradient function provided, creating a gradient function. If your Estimator requires transpilation, please provide a pass manager.
{'seed': 45, 'model': 'vqc', 'epsilon': 0.0, 'attack_success_rate': 0.0, 'robustness_accuracy': 0.78, 'mean_linf': 0.0, 'mean_l2': 0.0, 'accuracy': 0.78, 'precision': 0.7857142857142857, 'recall': 0.8148148148148148, 'f1': 0.8}
{'seed': 45, 'model': 'vqc', 'epsilon': 0.05, 'attack_success_rate': 0.8717948717948718, 'robustness_accuracy': 0.32, 'mean_linf': 0.04975000396370888, 'mean_l2': 0.08664263039827347, 'accuracy': 0.32, 'precision': 0.34782608695652173, 'recall': 0.2962962962962963, 'f1': 0.32}
{'seed': 45, 'model': 'vqc', 'epsilon': 0.1, 'attack_success_rate': 0.9487179487179487, 'robustness_accuracy': 0.26, 'mean_linf': 0.09050000458955765, 'mean_l2': 0.13412421941757202, 'accuracy': 0.26, 'precision': 0.25, 'recall': 0.18518518518518517, 'f1': 0.2127659574468085}
{'seed': 45, 'model': 'vqc', 'epsilon': 0.2, 'attack_success_rate': 0.8205128205128205, 'robustness_accuracy': 0.36, 'mean_linf': 0.12399998307228088, 'mean_l2': 0.1676884889602661, 'accuracy': 0.36, 'precision': 0.3333333333333333, 'recall': 0.18518518518518517, 'f1': 0.23809523809523808}
{'seed': 45, 'model': 'vqc', 'epsilon': 0.3, 'attack_success_rate': 0.6923076923076923, 'robustness_accuracy': 0.4, 'mean_linf': 0.17400003969669342, 'mean_l2': 0.23998458683490753, 'accuracy': 0.4, 'precision': 0.44, 'recall': 0.4074074074074074, 'f1': 0.4230769230769231}
=== seed 45 (classical) ===
{'seed': 45, 'model': 'classical', 'epsilon': 0.0, 'attack_success_rate': 0.0, 'robustness_accuracy': 0.98, 'mean_linf': 0.0, 'mean_l2': 0.0, 'accuracy': 0.98, 'precision': 0.9642857142857143, 'recall': 1.0, 'f1': 0.9818181818181818}
{'seed': 45, 'model': 'classical', 'epsilon': 0.05, 'attack_success_rate': 0.0, 'robustness_accuracy': 0.98, 'mean_linf': 0.04700000584125519, 'mean_l2': 0.09353551268577576, 'accuracy': 0.98, 'precision': 0.9642857142857143, 'recall': 1.0, 'f1': 0.9818181818181818}
{'seed': 45, 'model': 'classical', 'epsilon': 0.1, 'attack_success_rate': 0.0, 'robustness_accuracy': 0.98, 'mean_linf': 0.09400002658367157, 'mean_l2': 0.18490204215049744, 'accuracy': 0.98, 'precision': 0.9642857142857143, 'recall': 1.0, 'f1': 0.9818181818181818}
{'seed': 45, 'model': 'classical', 'epsilon': 0.2, 'attack_success_rate': 0.0, 'robustness_accuracy': 1.0, 'mean_linf': 0.18800000846385956, 'mean_l2': 0.36690372228622437, 'accuracy': 1.0, 'precision': 1.0, 'recall': 1.0, 'f1': 1.0}
{'seed': 45, 'model': 'classical', 'epsilon': 0.3, 'attack_success_rate': 0.0, 'robustness_accuracy': 1.0, 'mean_linf': 0.28200003504753113, 'mean_l2': 0.5494241714477539, 'accuracy': 1.0, 'precision': 1.0, 'recall': 1.0, 'f1': 1.0}
=== seed 46 (vqc) ===
No gradient function provided, creating a gradient function. If your Estimator requires transpilation, please provide a pass manager.
{'seed': 46, 'model': 'vqc', 'epsilon': 0.0, 'attack_success_rate': 0.0, 'robustness_accuracy': 0.62, 'mean_linf': 0.0, 'mean_l2': 0.0, 'accuracy': 0.62, 'precision': 0.6428571428571429, 'recall': 0.6666666666666666, 'f1': 0.6545454545454545}
{'seed': 46, 'model': 'vqc', 'epsilon': 0.05, 'attack_success_rate': 0.9032258064516129, 'robustness_accuracy': 0.44, 'mean_linf': 0.049500007182359695, 'mean_l2': 0.08647924661636353, 'accuracy': 0.44, 'precision': 0.47619047619047616, 'recall': 0.37037037037037035, 'f1': 0.4166666666666667}
{'seed': 46, 'model': 'vqc', 'epsilon': 0.1, 'attack_success_rate': 0.9354838709677419, 'robustness_accuracy': 0.4, 'mean_linf': 0.09100000560283661, 'mean_l2': 0.13971322774887085, 'accuracy': 0.4, 'precision': 0.43478260869565216, 'recall': 0.37037037037037035, 'f1': 0.4}
{'seed': 46, 'model': 'vqc', 'epsilon': 0.2, 'attack_success_rate': 0.8387096774193549, 'robustness_accuracy': 0.44, 'mean_linf': 0.14299999177455902, 'mean_l2': 0.19260507822036743, 'accuracy': 0.44, 'precision': 0.4782608695652174, 'recall': 0.4074074074074074, 'f1': 0.44}
{'seed': 46, 'model': 'vqc', 'epsilon': 0.3, 'attack_success_rate': 0.6129032258064516, 'robustness_accuracy': 0.58, 'mean_linf': 0.17400005459785461, 'mean_l2': 0.23754262924194336, 'accuracy': 0.58, 'precision': 0.6363636363636364, 'recall': 0.5185185185185185, 'f1': 0.5714285714285714}
=== seed 46 (classical) ===
{'seed': 46, 'model': 'classical', 'epsilon': 0.0, 'attack_success_rate': 0.0, 'robustness_accuracy': 0.98, 'mean_linf': 0.0, 'mean_l2': 0.0, 'accuracy': 0.98, 'precision': 0.9642857142857143, 'recall': 1.0, 'f1': 0.9818181818181818}
{'seed': 46, 'model': 'classical', 'epsilon': 0.05, 'attack_success_rate': 0.0, 'robustness_accuracy': 0.98, 'mean_linf': 0.05000000819563866, 'mean_l2': 0.09977489709854126, 'accuracy': 0.98, 'precision': 0.9642857142857143, 'recall': 1.0, 'f1': 0.9818181818181818}
{'seed': 46, 'model': 'classical', 'epsilon': 0.1, 'attack_success_rate': 0.0, 'robustness_accuracy': 0.98, 'mean_linf': 0.10000001639127731, 'mean_l2': 0.1975536346435547, 'accuracy': 0.98, 'precision': 0.9642857142857143, 'recall': 1.0, 'f1': 0.9818181818181818}
{'seed': 46, 'model': 'classical', 'epsilon': 0.2, 'attack_success_rate': 0.0, 'robustness_accuracy': 1.0, 'mean_linf': 0.20000003278255463, 'mean_l2': 0.3879065215587616, 'accuracy': 1.0, 'precision': 1.0, 'recall': 1.0, 'f1': 1.0}
{'seed': 46, 'model': 'classical', 'epsilon': 0.3, 'attack_success_rate': 0.0, 'robustness_accuracy': 1.0, 'mean_linf': 0.30000004172325134, 'mean_l2': 0.5733373761177063, 'accuracy': 1.0, 'precision': 1.0, 'recall': 1.0, 'f1': 1.0}
=== seed 47 (vqc) ===
No gradient function provided, creating a gradient function. If your Estimator requires transpilation, please provide a pass manager.
{'seed': 47, 'model': 'vqc', 'epsilon': 0.0, 'attack_success_rate': 0.0, 'robustness_accuracy': 0.66, 'mean_linf': 0.0, 'mean_l2': 0.0, 'accuracy': 0.66, 'precision': 0.6923076923076923, 'recall': 0.6666666666666666, 'f1': 0.6792452830188679}
{'seed': 47, 'model': 'vqc', 'epsilon': 0.05, 'attack_success_rate': 0.696969696969697, 'robustness_accuracy': 0.54, 'mean_linf': 0.05000000074505806, 'mean_l2': 0.08665058761835098, 'accuracy': 0.54, 'precision': 0.5769230769230769, 'recall': 0.5555555555555556, 'f1': 0.5660377358490566}
{'seed': 47, 'model': 'vqc', 'epsilon': 0.1, 'attack_success_rate': 0.9696969696969697, 'robustness_accuracy': 0.36, 'mean_linf': 0.09300000965595245, 'mean_l2': 0.1427997350692749, 'accuracy': 0.36, 'precision': 0.4, 'recall': 0.37037037037037035, 'f1': 0.38461538461538464}
{'seed': 47, 'model': 'vqc', 'epsilon': 0.2, 'attack_success_rate': 0.7272727272727273, 'robustness_accuracy': 0.5, 'mean_linf': 0.12299998104572296, 'mean_l2': 0.17536693811416626, 'accuracy': 0.5, 'precision': 0.5333333333333333, 'recall': 0.5925925925925926, 'f1': 0.5614035087719298}
{'seed': 47, 'model': 'vqc', 'epsilon': 0.3, 'attack_success_rate': 0.6060606060606061, 'robustness_accuracy': 0.52, 'mean_linf': 0.15150004625320435, 'mean_l2': 0.22779391705989838, 'accuracy': 0.52, 'precision': 0.5428571428571428, 'recall': 0.7037037037037037, 'f1': 0.6129032258064516}
=== seed 47 (classical) ===
{'seed': 47, 'model': 'classical', 'epsilon': 0.0, 'attack_success_rate': 0.0, 'robustness_accuracy': 0.98, 'mean_linf': 0.0, 'mean_l2': 0.0, 'accuracy': 0.98, 'precision': 0.9642857142857143, 'recall': 1.0, 'f1': 0.9818181818181818}
{'seed': 47, 'model': 'classical', 'epsilon': 0.05, 'attack_success_rate': 0.0, 'robustness_accuracy': 0.98, 'mean_linf': 0.01900000125169754, 'mean_l2': 0.03799998387694359, 'accuracy': 0.98, 'precision': 0.9642857142857143, 'recall': 1.0, 'f1': 0.9818181818181818}
{'seed': 47, 'model': 'classical', 'epsilon': 0.1, 'attack_success_rate': 0.0, 'robustness_accuracy': 0.98, 'mean_linf': 0.03800000995397568, 'mean_l2': 0.07500000298023224, 'accuracy': 0.98, 'precision': 0.9642857142857143, 'recall': 1.0, 'f1': 0.9818181818181818}
{'seed': 47, 'model': 'classical', 'epsilon': 0.2, 'attack_success_rate': 0.0, 'robustness_accuracy': 1.0, 'mean_linf': 0.07600001990795135, 'mean_l2': 0.15054984390735626, 'accuracy': 1.0, 'precision': 1.0, 'recall': 1.0, 'f1': 1.0}
{'seed': 47, 'model': 'classical', 'epsilon': 0.3, 'attack_success_rate': 0.0, 'robustness_accuracy': 1.0, 'mean_linf': 0.11400001496076584, 'mean_l2': 0.22664950788021088, 'accuracy': 1.0, 'precision': 1.0, 'recall': 1.0, 'f1': 1.0}
=== seed 48 (vqc) ===
No gradient function provided, creating a gradient function. If your Estimator requires transpilation, please provide a pass manager.
{'seed': 48, 'model': 'vqc', 'epsilon': 0.0, 'attack_success_rate': 0.0, 'robustness_accuracy': 0.52, 'mean_linf': 0.0, 'mean_l2': 0.0, 'accuracy': 0.52, 'precision': 0.5789473684210527, 'recall': 0.4074074074074074, 'f1': 0.4782608695652174}
{'seed': 48, 'model': 'vqc', 'epsilon': 0.05, 'attack_success_rate': 0.8461538461538461, 'robustness_accuracy': 0.5, 'mean_linf': 0.049000006169080734, 'mean_l2': 0.08440762758255005, 'accuracy': 0.5, 'precision': 0.5333333333333333, 'recall': 0.5925925925925926, 'f1': 0.5614035087719298}
{'seed': 48, 'model': 'vqc', 'epsilon': 0.1, 'attack_success_rate': 0.8846153846153846, 'robustness_accuracy': 0.5, 'mean_linf': 0.09000000357627869, 'mean_l2': 0.131961852312088, 'accuracy': 0.5, 'precision': 0.5333333333333333, 'recall': 0.5925925925925926, 'f1': 0.5614035087719298}
{'seed': 48, 'model': 'vqc', 'epsilon': 0.2, 'attack_success_rate': 0.7692307692307693, 'robustness_accuracy': 0.56, 'mean_linf': 0.12600000202655792, 'mean_l2': 0.18039961159229279, 'accuracy': 0.56, 'precision': 0.5925925925925926, 'recall': 0.5925925925925926, 'f1': 0.5925925925925926}
{'seed': 48, 'model': 'vqc', 'epsilon': 0.3, 'attack_success_rate': 0.6153846153846154, 'robustness_accuracy': 0.54, 'mean_linf': 0.1650000363588333, 'mean_l2': 0.23885507881641388, 'accuracy': 0.54, 'precision': 0.5666666666666667, 'recall': 0.6296296296296297, 'f1': 0.5964912280701754}
=== seed 48 (classical) ===
{'seed': 48, 'model': 'classical', 'epsilon': 0.0, 'attack_success_rate': 0.0, 'robustness_accuracy': 0.98, 'mean_linf': 0.0, 'mean_l2': 0.0, 'accuracy': 0.98, 'precision': 0.9642857142857143, 'recall': 1.0, 'f1': 0.9818181818181818}
{'seed': 48, 'model': 'classical', 'epsilon': 0.05, 'attack_success_rate': 0.0, 'robustness_accuracy': 0.98, 'mean_linf': 0.05000000819563866, 'mean_l2': 0.09949998557567596, 'accuracy': 0.98, 'precision': 0.9642857142857143, 'recall': 1.0, 'f1': 0.9818181818181818}
{'seed': 48, 'model': 'classical', 'epsilon': 0.1, 'attack_success_rate': 0.0, 'robustness_accuracy': 1.0, 'mean_linf': 0.10000001639127731, 'mean_l2': 0.19882476329803467, 'accuracy': 1.0, 'precision': 1.0, 'recall': 1.0, 'f1': 1.0}
{'seed': 48, 'model': 'classical', 'epsilon': 0.2, 'attack_success_rate': 0.0, 'robustness_accuracy': 1.0, 'mean_linf': 0.20000003278255463, 'mean_l2': 0.39664947986602783, 'accuracy': 1.0, 'precision': 1.0, 'recall': 1.0, 'f1': 1.0}
{'seed': 48, 'model': 'classical', 'epsilon': 0.3, 'attack_success_rate': 0.0, 'robustness_accuracy': 1.0, 'mean_linf': 0.30000004172325134, 'mean_l2': 0.5918247699737549, 'accuracy': 1.0, 'precision': 1.0, 'recall': 1.0, 'f1': 1.0}
=== seed 49 (vqc) ===
No gradient function provided, creating a gradient function. If your Estimator requires transpilation, please provide a pass manager.
{'seed': 49, 'model': 'vqc', 'epsilon': 0.0, 'attack_success_rate': 0.0, 'robustness_accuracy': 0.58, 'mean_linf': 0.0, 'mean_l2': 0.0, 'accuracy': 0.58, 'precision': 0.6, 'recall': 0.6666666666666666, 'f1': 0.631578947368421}
{'seed': 49, 'model': 'vqc', 'epsilon': 0.05, 'attack_success_rate': 0.8620689655172413, 'robustness_accuracy': 0.46, 'mean_linf': 0.05000000074505806, 'mean_l2': 0.0881783664226532, 'accuracy': 0.46, 'precision': 0.5, 'recall': 0.2962962962962963, 'f1': 0.37209302325581395}
{'seed': 49, 'model': 'vqc', 'epsilon': 0.1, 'attack_success_rate': 1.0, 'robustness_accuracy': 0.4, 'mean_linf': 0.09250000864267349, 'mean_l2': 0.14152933657169342, 'accuracy': 0.4, 'precision': 0.42105263157894735, 'recall': 0.2962962962962963, 'f1': 0.34782608695652173}
{'seed': 49, 'model': 'vqc', 'epsilon': 0.2, 'attack_success_rate': 0.8275862068965517, 'robustness_accuracy': 0.5, 'mean_linf': 0.13099999725818634, 'mean_l2': 0.18380165100097656, 'accuracy': 0.5, 'precision': 0.5454545454545454, 'recall': 0.4444444444444444, 'f1': 0.4897959183673469}
{'seed': 49, 'model': 'vqc', 'epsilon': 0.3, 'attack_success_rate': 0.7241379310344828, 'robustness_accuracy': 0.44, 'mean_linf': 0.18300002813339233, 'mean_l2': 0.252206414937973, 'accuracy': 0.44, 'precision': 0.47619047619047616, 'recall': 0.37037037037037035, 'f1': 0.4166666666666667}
=== seed 49 (classical) ===
{'seed': 49, 'model': 'classical', 'epsilon': 0.0, 'attack_success_rate': 0.0, 'robustness_accuracy': 0.98, 'mean_linf': 0.0, 'mean_l2': 0.0, 'accuracy': 0.98, 'precision': 0.9642857142857143, 'recall': 1.0, 'f1': 0.9818181818181818}
{'seed': 49, 'model': 'classical', 'epsilon': 0.05, 'attack_success_rate': 0.0, 'robustness_accuracy': 0.98, 'mean_linf': 0.049000006169080734, 'mean_l2': 0.09799998253583908, 'accuracy': 0.98, 'precision': 0.9642857142857143, 'recall': 1.0, 'f1': 0.9818181818181818}
{'seed': 49, 'model': 'classical', 'epsilon': 0.1, 'attack_success_rate': 0.0, 'robustness_accuracy': 1.0, 'mean_linf': 0.09800001978874207, 'mean_l2': 0.1955355405807495, 'accuracy': 1.0, 'precision': 1.0, 'recall': 1.0, 'f1': 1.0}
{'seed': 49, 'model': 'classical', 'epsilon': 0.2, 'attack_success_rate': 0.0, 'robustness_accuracy': 1.0, 'mean_linf': 0.19600002467632294, 'mean_l2': 0.38983097672462463, 'accuracy': 1.0, 'precision': 1.0, 'recall': 1.0, 'f1': 1.0}
{'seed': 49, 'model': 'classical', 'epsilon': 0.3, 'attack_success_rate': 0.0, 'robustness_accuracy': 1.0, 'mean_linf': 0.2940000295639038, 'mean_l2': 0.5810074806213379, 'accuracy': 1.0, 'precision': 1.0, 'recall': 1.0, 'f1': 1.0}

Written to C:\Work\Quantum-Adversarial-Robustness\results\pgd_sweep\pgd_sweep_all_seeds.csv
